
Allocating common symbols
Common symbol       size              file

pid_pool            0x28              build/thread.o
kbd_buf             0x6c              build/keyboard.o
root_dir            0x208             build/dir.o
thread_ready_list   0x10              build/thread.o
thread_all_list     0x10              build/thread.o
user_pool           0x2c              build/memory.o
channel_cnt         0x1               build/ide.o
cur_part            0x4               build/fs.o
k_block_descs       0xa8              build/memory.o
idle_thread         0x4               build/thread.o
intr_name           0x204             build/interrupt.o
main_thread         0x4               build/thread.o
channels            0xcc0             build/ide.o
ticks               0x4               build/timer.o
kernel_vaddr        0xc               build/memory.o
syscall_table       0x80              build/syscall-init.o
idt_table           0x204             build/interrupt.o
file_table          0x180             build/file.o
partition_list      0x10              build/ide.o
kernel_pool         0x2c              build/memory.o

Discarded input sections

 .note.GNU-stack
                0x0000000000000000        0x0 build/main.o
 .note.GNU-stack
                0x0000000000000000        0x0 build/init.o
 .note.GNU-stack
                0x0000000000000000        0x0 build/interrupt.o
 .note.GNU-stack
                0x0000000000000000        0x0 build/timer.o
 .note.GNU-stack
                0x0000000000000000        0x0 build/debug.o
 .note.GNU-stack
                0x0000000000000000        0x0 build/memory.o
 .note.GNU-stack
                0x0000000000000000        0x0 build/bitmap.o
 .note.GNU-stack
                0x0000000000000000        0x0 build/string.o
 .note.GNU-stack
                0x0000000000000000        0x0 build/thread.o
 .note.GNU-stack
                0x0000000000000000        0x0 build/list.o
 .note.GNU-stack
                0x0000000000000000        0x0 build/console.o
 .note.GNU-stack
                0x0000000000000000        0x0 build/sync.o
 .note.GNU-stack
                0x0000000000000000        0x0 build/keyboard.o
 .note.GNU-stack
                0x0000000000000000        0x0 build/ioqueue.o
 .note.GNU-stack
                0x0000000000000000        0x0 build/tss.o
 .note.GNU-stack
                0x0000000000000000        0x0 build/process.o
 .note.GNU-stack
                0x0000000000000000        0x0 build/syscall.o
 .note.GNU-stack
                0x0000000000000000        0x0 build/syscall-init.o
 .note.GNU-stack
                0x0000000000000000        0x0 build/stdio.o
 .note.GNU-stack
                0x0000000000000000        0x0 build/ide.o
 .note.GNU-stack
                0x0000000000000000        0x0 build/stdio-kernel.o
 .note.GNU-stack
                0x0000000000000000        0x0 build/fs.o
 .note.GNU-stack
                0x0000000000000000        0x0 build/inode.o
 .note.GNU-stack
                0x0000000000000000        0x0 build/file.o
 .note.GNU-stack
                0x0000000000000000        0x0 build/dir.o
 .note.GNU-stack
                0x0000000000000000        0x0 build/fork.o
 .note.GNU-stack
                0x0000000000000000        0x0 build/shell.o
 .note.GNU-stack
                0x0000000000000000        0x0 build/assert.o
 .note.GNU-stack
                0x0000000000000000        0x0 build/buildin_cmd.o
 .note.GNU-stack
                0x0000000000000000        0x0 build/exec.o
 .note.GNU-stack
                0x0000000000000000        0x0 build/wait_exit.o
 .note.GNU-stack
                0x0000000000000000        0x0 build/pipe.o

Memory Configuration

Name             Origin             Length             Attributes
*default*        0x0000000000000000 0xffffffffffffffff

Linker script and memory map

Address of section .text set to 0xc0001500
LOAD build/main.o
LOAD build/init.o
LOAD build/interrupt.o
LOAD build/timer.o
LOAD build/kernel.o
LOAD build/print.o
LOAD build/debug.o
LOAD build/memory.o
LOAD build/bitmap.o
LOAD build/string.o
LOAD build/thread.o
LOAD build/list.o
LOAD build/switch.o
LOAD build/console.o
LOAD build/sync.o
LOAD build/keyboard.o
LOAD build/ioqueue.o
LOAD build/tss.o
LOAD build/process.o
LOAD build/syscall.o
LOAD build/syscall-init.o
LOAD build/stdio.o
LOAD build/ide.o
LOAD build/stdio-kernel.o
LOAD build/fs.o
LOAD build/inode.o
LOAD build/file.o
LOAD build/dir.o
LOAD build/fork.o
LOAD build/shell.o
LOAD build/assert.o
LOAD build/buildin_cmd.o
LOAD build/exec.o
LOAD build/wait_exit.o
LOAD build/pipe.o
                [!provide]                        PROVIDE (__executable_start, 0x8048000)
                0x0000000008048094                . = (0x8048000 + SIZEOF_HEADERS)

.interp
 *(.interp)

.note.gnu.build-id
 *(.note.gnu.build-id)

.hash
 *(.hash)

.gnu.hash
 *(.gnu.hash)

.dynsym
 *(.dynsym)

.dynstr
 *(.dynstr)

.gnu.version
 *(.gnu.version)

.gnu.version_d
 *(.gnu.version_d)

.gnu.version_r
 *(.gnu.version_r)

.rel.dyn        0x0000000008048094        0x0
 *(.rel.init)
 *(.rel.text .rel.text.* .rel.gnu.linkonce.t.*)
 .rel.text      0x0000000008048094        0x0 build/main.o
 *(.rel.fini)
 *(.rel.rodata .rel.rodata.* .rel.gnu.linkonce.r.*)
 *(.rel.data.rel.ro .rel.data.rel.ro.* .rel.gnu.linkonce.d.rel.ro.*)
 *(.rel.data .rel.data.* .rel.gnu.linkonce.d.*)
 *(.rel.tdata .rel.tdata.* .rel.gnu.linkonce.td.*)
 *(.rel.tbss .rel.tbss.* .rel.gnu.linkonce.tb.*)
 *(.rel.ctors)
 *(.rel.dtors)
 *(.rel.got)
 *(.rel.bss .rel.bss.* .rel.gnu.linkonce.b.*)
 *(.rel.ifunc)

.rel.plt        0x0000000008048094        0x0
 *(.rel.plt)
                [!provide]                        PROVIDE (__rel_iplt_start, .)
 *(.rel.iplt)
 .rel.iplt      0x0000000008048094        0x0 build/main.o
                [!provide]                        PROVIDE (__rel_iplt_end, .)

.init
 *(SORT(.init))

.plt            0x00000000080480a0        0x0
 *(.plt)
 *(.iplt)
 .iplt          0x00000000080480a0        0x0 build/main.o

.plt.got
 *(.plt.got)

.text           0x00000000c0001500     0xc1e6
 *(.text.unlikely .text.*_unlikely .text.unlikely.*)
 *(.text.exit .text.exit.*)
 *(.text.startup .text.startup.*)
 *(.text.hot .text.hot.*)
 *(.text .stub .text.* .gnu.linkonce.t.*)
 .text          0x00000000c0001500      0x141 build/main.o
                0x00000000c0001500                main
                0x00000000c00015df                init
 .text          0x00000000c0001641       0x50 build/init.o
                0x00000000c0001641                init_all
 .text          0x00000000c0001691      0x46e build/interrupt.o
                0x00000000c00019e3                intr_enable
                0x00000000c0001a0c                intr_disable
                0x00000000c0001a35                intr_set_status
                0x00000000c0001a53                intr_get_status
                0x00000000c0001a77                register_handler
                0x00000000c0001a94                idt_init
 .text          0x00000000c0001aff      0x1d5 build/timer.o
                0x00000000c0001c36                mtime_sleep
                0x00000000c0001c81                timer_init
 *fill*         0x00000000c0001cd4        0xc 
 .text          0x00000000c0001ce0      0x55b build/kernel.o
                0x00000000c0001ce0                intr_exit
                0x00000000c0002217                syscall_handler
 *fill*         0x00000000c000223b        0x5 
 .text          0x00000000c0002240      0x1b1 build/print.o
                0x00000000c0002240                put_str
                0x00000000c000225e                put_char
                0x00000000c000232b                cls_screen
                0x00000000c000236a                put_int
                0x00000000c00023cd                set_cursor
 .text          0x00000000c00023f1       0xd6 build/debug.o
                0x00000000c00023f1                panic_spin
 .text          0x00000000c00024c7     0x11df build/memory.o
                0x00000000c00025dd                pte_ptr
                0x00000000c000260d                pde_ptr
                0x00000000c0002788                malloc_page
                0x00000000c000284a                get_kernel_pages
                0x00000000c00028a5                get_user_pages
                0x00000000c0002900                get_a_page
                0x00000000c0002a70                get_a_page_without_opvaddrbitmap
                0x00000000c0002afa                addr_v2p
                0x00000000c0002b4d                sys_malloc
                0x00000000c0002e82                pfree
                0x00000000c0002fb9                mfree_page
                0x00000000c000317a                sys_free
                0x00000000c0003560                block_desc_init
                0x00000000c00035f3                free_a_phy_page
                0x00000000c0003655                mem_init
 .text          0x00000000c00036a6      0x249 build/bitmap.o
                0x00000000c00036a6                bitmap_init
                0x00000000c00036c9                bitmap_scan_test
                0x00000000c0003709                bitmap_scan
                0x00000000c000383e                bitmap_set
 .text          0x00000000c00038ef      0x3d0 build/string.o
                0x00000000c00038ef                memset
                0x00000000c0003941                memcpy
                0x00000000c00039a1                memcmp
                0x00000000c0003a24                strcpy
                0x00000000c0003a79                strlen
                0x00000000c0003ac4                strcmp
                0x00000000c0003b3d                strchr
                0x00000000c0003b95                strrchr
                0x00000000c0003bf3                strcat
                0x00000000c0003c5d                strchrs
 .text          0x00000000c0003cbf      0xc0d build/thread.o
                0x00000000c0003cd6                running_thread
                0x00000000c0003dad                release_pid
                0x00000000c0003e03                fork_pid
                0x00000000c0003e10                thread_create
                0x00000000c0003e87                init_thread
                0x00000000c0003f96                thread_start
                0x00000000c00040f2                schedule
                0x00000000c000423f                thread_block
                0x00000000c00042a2                thread_unblock
                0x00000000c000439c                thread_yield
                0x00000000c00046cf                sys_ps
                0x00000000c0004715                thread_exit
                0x00000000c000480d                pid2thread
                0x00000000c0004849                thread_init
 .text          0x00000000c00048cc      0x1f1 build/list.o
                0x00000000c00048cc                list_init
                0x00000000c00048fa                list_insert_before
                0x00000000c000493f                list_push
                0x00000000c000495d                list_append
                0x00000000c000497b                list_remove
                0x00000000c00049b5                list_pop
                0x00000000c00049d7                elem_find
                0x00000000c0004a12                list_traversal
                0x00000000c0004a6f                list_len
                0x00000000c0004aa4                list_empty
 *fill*         0x00000000c0004abd        0x3 
 .text          0x00000000c0004ac0       0x15 build/switch.o
                0x00000000c0004ac0                switch_to
 .text          0x00000000c0004ad5       0xb6 build/console.o
                0x00000000c0004ad5                console_init
                0x00000000c0004aee                console_acquire
                0x00000000c0004b07                console_release
                0x00000000c0004b20                console_put_str
                0x00000000c0004b41                console_put_char
                0x00000000c0004b6a                console_put_int
 .text          0x00000000c0004b8b      0x313 build/sync.o
                0x00000000c0004b8b                sema_init
                0x00000000c0004bb5                lock_init
                0x00000000c0004be5                sema_down
                0x00000000c0004ce0                sema_up
                0x00000000c0004d8f                lock_acquire
                0x00000000c0004e06                lock_release
 .text          0x00000000c0004e9e      0x300 build/keyboard.o
                0x00000000c0005153                keyboard_init
 .text          0x00000000c000519e      0x341 build/ioqueue.o
                0x00000000c000519e                ioqueue_init
                0x00000000c00051fe                ioq_full
                0x00000000c0005317                ioq_getchar
                0x00000000c00053d0                ioq_putchar
                0x00000000c000548c                ioq_length
 .text          0x00000000c00054df      0x18c build/tss.o
                0x00000000c00054df                update_tss_esp
                0x00000000c0005561                tss_init
 .text          0x00000000c000566b      0x367 build/process.o
                0x00000000c000566b                start_process
                0x00000000c0005770                page_dir_activate
                0x00000000c00057a5                process_activate
                0x00000000c00057f3                create_page_dir
                0x00000000c000586b                create_user_vaddr_bitmap
                0x00000000c00058b7                process_execute
 .text          0x00000000c00059d2      0x352 build/syscall.o
                0x00000000c00059d2                getpid
                0x00000000c00059e7                write
                0x00000000c0005a0a                malloc
                0x00000000c0005a29                free
                0x00000000c0005a46                fork
                0x00000000c0005a5b                read
                0x00000000c0005a7e                putchar
                0x00000000c0005aa2                clear
                0x00000000c0005ab5                getcwd
                0x00000000c0005ad7                open
                0x00000000c0005b00                close
                0x00000000c0005b1f                lseek
                0x00000000c0005b49                unlink
                0x00000000c0005b68                mkdir
                0x00000000c0005b87                opendir
                0x00000000c0005ba6                closedir
                0x00000000c0005bc5                rmdir
                0x00000000c0005be4                readdir
                0x00000000c0005c03                rewinddir
                0x00000000c0005c20                stat
                0x00000000c0005c42                chdir
                0x00000000c0005c61                ps
                0x00000000c0005c74                execv
                0x00000000c0005c96                exit
                0x00000000c0005cb3                wait
                0x00000000c0005cd2                pipe
                0x00000000c0005cf1                fd_redirect
                0x00000000c0005d11                help
 .text          0x00000000c0005d24      0x153 build/syscall-init.o
                0x00000000c0005d24                sys_getpid
                0x00000000c0005d36                syscall_init
 .text          0x00000000c0005e77      0x29c build/stdio.o
                0x00000000c0005ef6                vsprintf
                0x00000000c0006073                sprintf
                0x00000000c00060a3                printf
 .text          0x00000000c0006113      0xd88 build/ide.o
                0x00000000c0006422                ide_read
                0x00000000c0006596                ide_write
                0x00000000c0006bd5                intr_hd_handler
                0x00000000c0006c8f                ide_init
 .text          0x00000000c0006e9b       0x5c build/stdio-kernel.o
                0x00000000c0006e9b                printk
 .text          0x00000000c0006ef7     0x21dc build/fs.o
                0x00000000c000754e                path_parse
                0x00000000c00075ac                path_depth_cnt
                0x00000000c00078b6                sys_open
                0x00000000c0007b18                fd_local2global
                0x00000000c0007b63                sys_close
                0x00000000c0007c60                sys_write
                0x00000000c0007da1                sys_read
                0x00000000c0007ee7                sys_lseek
                0x00000000c0007fd2                sys_unlink
                0x00000000c00081f5                sys_mkdir
                0x00000000c00085e5                sys_opendir
                0x00000000c00086f5                sys_closedir
                0x00000000c0008722                sys_readdir
                0x00000000c000875a                sys_rewinddir
                0x00000000c000876a                sys_rmdir
                0x00000000c0008af4                sys_getcwd
                0x00000000c0008ce8                sys_chdir
                0x00000000c0008d77                sys_stat
                0x00000000c0008ea1                sys_putchar
                0x00000000c0008ec3                sys_help
                0x00000000c0008edc                filesys_init
 .text          0x00000000c00090d3      0x724 build/inode.o
                0x00000000c000916d                inode_sync
                0x00000000c0009294                inode_open
                0x00000000c00093da                inode_close
                0x00000000c0009456                inode_delete
                0x00000000c0009568                inode_release
                0x00000000c00097a1                inode_init
 .text          0x00000000c00097f7     0x1155 build/file.o
                0x00000000c00097f7                get_free_slot_in_global
                0x00000000c000984c                pcb_fd_install
                0x00000000c00098b9                inode_bitmap_alloc
                0x00000000c0009900                block_bitmap_alloc
                0x00000000c0009952                bitmap_sync
                0x00000000c00099da                file_create
                0x00000000c0009c9c                file_open
                0x00000000c0009dab                file_close
                0x00000000c0009dee                file_write
                0x00000000c000a582                file_read
 .text          0x00000000c000a94c      0xe49 build/dir.o
                0x00000000c000a94c                open_root_dir
                0x00000000c000a97c                dir_open
                0x00000000c000a9bc                search_dir_entry
                0x00000000c000ab94                dir_close
                0x00000000c000abc7                create_dir_entry
                0x00000000c000ac38                sync_dir_entry
                0x00000000c000b057                delete_dir_entry
                0x00000000c000b4bf                dir_read
                0x00000000c000b6a7                dir_is_empty
                0x00000000c000b6d2                dir_remove
 .text          0x00000000c000b795      0x509 build/fork.o
                0x00000000c000bb7c                sys_fork
 .text          0x00000000c000bc9e      0x76a build/shell.o
                0x00000000c000bc9e                print_prompt
                0x00000000c000c198                my_shell
 .text          0x00000000c000c408       0x24 build/assert.o
                0x00000000c000c408                user_spin
 .text          0x00000000c000c42c      0x8e2 build/buildin_cmd.o
                0x00000000c000c59c                make_clear_abs_path
                0x00000000c000c655                buildin_pwd
                0x00000000c000c6b5                buildin_cd
                0x00000000c000c73f                buildin_ls
                0x00000000c000cb00                buildin_ps
                0x00000000c000cb25                buildin_clear
                0x00000000c000cb4a                buildin_mkdir
                0x00000000c000cbdc                buildin_rmdir
                0x00000000c000cc6e                buildin_rm
                0x00000000c000cd00                buildin_help
 .text          0x00000000c000cd0e      0x338 build/exec.o
                0x00000000c000cf9b                sys_execv
 .text          0x00000000c000d046      0x439 build/wait_exit.o
                0x00000000c000d315                sys_wait
                0x00000000c000d3c8                sys_exit
 .text          0x00000000c000d47f      0x267 build/pipe.o
                0x00000000c000d47f                is_pipe
                0x00000000c000d4b6                sys_pipe
                0x00000000c000d587                sys_fd_redirect
                0x00000000c000d5d0                pipe_read
                0x00000000c000d655                pipe_write
 *(.gnu.warning)

.fini
 *(SORT(.fini))
                [!provide]                        PROVIDE (__etext, .)
                [!provide]                        PROVIDE (_etext, .)
                [!provide]                        PROVIDE (etext, .)

.rodata         0x00000000c000d6e8     0x29c1
 *(.rodata .rodata.* .gnu.linkonce.r.*)
 .rodata        0x00000000c000d6e8       0xb1 build/main.o
 .rodata        0x00000000c000d799        0xa build/init.o
 *fill*         0x00000000c000d7a3        0x1 
 .rodata        0x00000000c000d7a4      0x2d1 build/interrupt.o
 *fill*         0x00000000c000da75        0x3 
 .rodata        0x00000000c000da78       0x88 build/timer.o
 .rodata        0x00000000c000db00       0x3f build/debug.o
 *fill*         0x00000000c000db3f        0x1 
 .rodata        0x00000000c000db40      0x3c9 build/memory.o
 *fill*         0x00000000c000df09        0x3 
 .rodata        0x00000000c000df0c       0x6b build/bitmap.o
 *fill*         0x00000000c000df77        0x1 
 .rodata        0x00000000c000df78       0xc4 build/string.o
 .rodata        0x00000000c000e03c      0x3dc build/thread.o
 .rodata        0x00000000c000e418      0x135 build/sync.o
 .rodata        0x00000000c000e54d       0x36 build/keyboard.o
 *fill*         0x00000000c000e583        0x1 
 .rodata        0x00000000c000e584       0xa8 build/ioqueue.o
 .rodata        0x00000000c000e62c       0x27 build/tss.o
 *fill*         0x00000000c000e653        0x1 
 .rodata        0x00000000c000e654       0xe0 build/process.o
 .rodata        0x00000000c000e734       0x27 build/syscall-init.o
 *fill*         0x00000000c000e75b        0x1 
 .rodata        0x00000000c000e75c      0x1f9 build/ide.o
 *fill*         0x00000000c000e955        0x3 
 .rodata        0x00000000c000e958      0xa29 build/fs.o
 *fill*         0x00000000c000f381        0x3 
 .rodata        0x00000000c000f384       0xc2 build/inode.o
 *fill*         0x00000000c000f446        0x2 
 .rodata        0x00000000c000f448      0x41e build/file.o
 *fill*         0x00000000c000f866        0x2 
 .rodata        0x00000000c000f868      0x20f build/dir.o
 *fill*         0x00000000c000fa77        0x1 
 .rodata        0x00000000c000fa78      0x105 build/fork.o
 *fill*         0x00000000c000fb7d        0x3 
 .rodata        0x00000000c000fb80      0x1a4 build/shell.o
 .rodata        0x00000000c000fd24       0x32 build/assert.o
 *fill*         0x00000000c000fd56        0x2 
 .rodata        0x00000000c000fd58      0x2fe build/buildin_cmd.o
 .rodata        0x00000000c0010056        0x8 build/exec.o
 *fill*         0x00000000c001005e        0x2 
 .rodata        0x00000000c0010060       0x49 build/wait_exit.o

.rodata1
 *(.rodata1)

.eh_frame_hdr
 *(.eh_frame_hdr)
 *(.eh_frame_entry .eh_frame_entry.*)

.eh_frame       0x00000000c00100ac     0x2264
 *(.eh_frame)
 .eh_frame      0x00000000c00100ac       0x64 build/main.o
 .eh_frame      0x00000000c0010110       0x20 build/init.o
                                         0x38 (size before relaxing)
 .eh_frame      0x00000000c0010130      0x188 build/interrupt.o
                                        0x1a0 (size before relaxing)
 .eh_frame      0x00000000c00102b8       0xc8 build/timer.o
                                         0xe0 (size before relaxing)
 .eh_frame      0x00000000c0010380       0x1c build/debug.o
                                         0x34 (size before relaxing)
 .eh_frame      0x00000000c001039c      0x2e0 build/memory.o
                                        0x2f8 (size before relaxing)
 .eh_frame      0x00000000c001067c       0x8c build/bitmap.o
                                         0xa4 (size before relaxing)
 .eh_frame      0x00000000c0010708      0x140 build/string.o
                                        0x158 (size before relaxing)
 .eh_frame      0x00000000c0010848      0x2bc build/thread.o
                                        0x2d4 (size before relaxing)
 .eh_frame      0x00000000c0010b04      0x140 build/list.o
                                        0x158 (size before relaxing)
 .eh_frame      0x00000000c0010c44       0xc0 build/console.o
                                         0xd8 (size before relaxing)
 .eh_frame      0x00000000c0010d04       0xc8 build/sync.o
                                         0xe0 (size before relaxing)
 .eh_frame      0x00000000c0010dcc       0x60 build/keyboard.o
                                         0x78 (size before relaxing)
 .eh_frame      0x00000000c0010e2c      0x120 build/ioqueue.o
                                        0x138 (size before relaxing)
 .eh_frame      0x00000000c0010f4c       0x64 build/tss.o
                                         0x7c (size before relaxing)
 .eh_frame      0x00000000c0010fb0       0xc0 build/process.o
                                         0xd8 (size before relaxing)
 .eh_frame      0x00000000c0011070      0x3dc build/syscall.o
                                        0x3f4 (size before relaxing)
 .eh_frame      0x00000000c001144c       0x40 build/syscall-init.o
                                         0x58 (size before relaxing)
 .eh_frame      0x00000000c001148c       0x84 build/stdio.o
                                         0x9c (size before relaxing)
 .eh_frame      0x00000000c0011510      0x254 build/ide.o
                                        0x26c (size before relaxing)
 .eh_frame      0x00000000c0011764       0x24 build/stdio-kernel.o
                                         0x3c (size before relaxing)
 .eh_frame      0x00000000c0011788      0x36c build/fs.o
                                        0x384 (size before relaxing)
 .eh_frame      0x00000000c0011af4       0xe4 build/inode.o
                                         0xfc (size before relaxing)
 .eh_frame      0x00000000c0011bd8      0x140 build/file.o
                                        0x158 (size before relaxing)
 .eh_frame      0x00000000c0011d18      0x14c build/dir.o
                                        0x164 (size before relaxing)
 .eh_frame      0x00000000c0011e64       0xc0 build/fork.o
                                         0xd8 (size before relaxing)
 .eh_frame      0x00000000c0011f24       0x9c build/shell.o
                                         0xb4 (size before relaxing)
 .eh_frame      0x00000000c0011fc0       0x1c build/assert.o
                                         0x34 (size before relaxing)
 .eh_frame      0x00000000c0011fdc      0x170 build/buildin_cmd.o
                                        0x188 (size before relaxing)
 .eh_frame      0x00000000c001214c       0x60 build/exec.o
                                         0x78 (size before relaxing)
 .eh_frame      0x00000000c00121ac       0xc0 build/wait_exit.o
                                         0xd8 (size before relaxing)
 .eh_frame      0x00000000c001226c       0xa4 build/pipe.o
                                         0xbc (size before relaxing)
 *(.eh_frame.*)

.gcc_except_table
 *(.gcc_except_table .gcc_except_table.*)

.gnu_extab
 *(.gnu_extab*)

.exception_ranges
 *(.exception_ranges .exception_ranges*)
                0x00000000c0013310                . = DATA_SEGMENT_ALIGN (0x1000, 0x1000)

.eh_frame
 *(.eh_frame)
 *(.eh_frame.*)

.gnu_extab
 *(.gnu_extab)

.gcc_except_table
 *(.gcc_except_table .gcc_except_table.*)

.exception_ranges
 *(.exception_ranges .exception_ranges*)

.tdata
 *(.tdata .tdata.* .gnu.linkonce.td.*)

.tbss
 *(.tbss .tbss.* .gnu.linkonce.tb.*)
 *(.tcommon)

.preinit_array  0x00000000c0013310        0x0
                [!provide]                        PROVIDE (__preinit_array_start, .)
 *(.preinit_array)
                [!provide]                        PROVIDE (__preinit_array_end, .)

.init_array     0x00000000c0013310        0x0
                [!provide]                        PROVIDE (__init_array_start, .)
 *(SORT(.init_array.*) SORT(.ctors.*))
 *(.init_array EXCLUDE_FILE(*crtend?.o *crtend.o *crtbegin?.o *crtbegin.o) .ctors)
                [!provide]                        PROVIDE (__init_array_end, .)

.fini_array     0x00000000c0013310        0x0
                [!provide]                        PROVIDE (__fini_array_start, .)
 *(SORT(.fini_array.*) SORT(.dtors.*))
 *(.fini_array EXCLUDE_FILE(*crtend?.o *crtend.o *crtbegin?.o *crtbegin.o) .dtors)
                [!provide]                        PROVIDE (__fini_array_end, .)

.ctors
 *crtbegin.o(.ctors)
 *crtbegin?.o(.ctors)
 *(EXCLUDE_FILE(*crtend?.o *crtend.o) .ctors)
 *(SORT(.ctors.*))
 *(.ctors)

.dtors
 *crtbegin.o(.dtors)
 *crtbegin?.o(.dtors)
 *(EXCLUDE_FILE(*crtend?.o *crtend.o) .dtors)
 *(SORT(.dtors.*))
 *(.dtors)

.jcr
 *(.jcr)

.data.rel.ro
 *(.data.rel.ro.local* .gnu.linkonce.d.rel.ro.local.*)
 *(.data.rel.ro .data.rel.ro.* .gnu.linkonce.d.rel.ro.*)

.dynamic
 *(.dynamic)

.got
 *(.got)
 *(.igot)
                0x00000000c0013310                . = DATA_SEGMENT_RELRO_END (., (SIZEOF (.got.plt) >= 0xc)?0xc:0x0)

.got.plt        0x00000000c0013310        0x0
 *(.got.plt)
 *(.igot.plt)
 .igot.plt      0x00000000c0013310        0x0 build/main.o

.data           0x00000000c0013320      0x15c
 *(.data .data.* .gnu.linkonce.d.*)
 .data          0x00000000c0013320        0x0 build/main.o
 .data          0x00000000c0013320        0x0 build/init.o
 .data          0x00000000c0013320        0x0 build/interrupt.o
 .data          0x00000000c0013320        0x0 build/timer.o
 .data          0x00000000c0013320       0xc0 build/kernel.o
                0x00000000c0013320                intr_entry_table
 .data          0x00000000c00133e0        0x8 build/print.o
 .data          0x00000000c00133e8        0x0 build/debug.o
 .data          0x00000000c00133e8        0x0 build/memory.o
 .data          0x00000000c00133e8        0x0 build/bitmap.o
 .data          0x00000000c00133e8        0x0 build/string.o
 .data          0x00000000c00133e8        0x0 build/thread.o
 .data          0x00000000c00133e8        0x0 build/list.o
 .data          0x00000000c00133e8        0x0 build/console.o
 .data          0x00000000c00133e8        0x0 build/sync.o
 *fill*         0x00000000c00133e8       0x18 
 .data          0x00000000c0013400       0x76 build/keyboard.o
 .data          0x00000000c0013476        0x0 build/ioqueue.o
 .data          0x00000000c0013476        0x0 build/tss.o
 .data          0x00000000c0013476        0x0 build/process.o
 .data          0x00000000c0013476        0x0 build/syscall.o
 .data          0x00000000c0013476        0x0 build/syscall-init.o
 .data          0x00000000c0013476        0x0 build/stdio.o
 .data          0x00000000c0013476        0x0 build/ide.o
 .data          0x00000000c0013476        0x0 build/stdio-kernel.o
 .data          0x00000000c0013476        0x0 build/fs.o
 .data          0x00000000c0013476        0x0 build/inode.o
 .data          0x00000000c0013476        0x0 build/file.o
 .data          0x00000000c0013476        0x0 build/dir.o
 .data          0x00000000c0013476        0x0 build/fork.o
 *fill*         0x00000000c0013476        0x2 
 .data          0x00000000c0013478        0x4 build/shell.o
                0x00000000c0013478                argc
 .data          0x00000000c001347c        0x0 build/assert.o
 .data          0x00000000c001347c        0x0 build/buildin_cmd.o
 .data          0x00000000c001347c        0x0 build/exec.o
 .data          0x00000000c001347c        0x0 build/wait_exit.o
 .data          0x00000000c001347c        0x0 build/pipe.o

.data1
 *(.data1)
                0x00000000c001347c                _edata = .
                [!provide]                        PROVIDE (edata, .)
                0x00000000c001347c                . = .
                0x00000000c001347c                __bss_start = .

.bss            0x00000000c0013480     0x2308
 *(.dynbss)
 *(.bss .bss.* .gnu.linkonce.b.*)
 .bss           0x00000000c0013480        0x0 build/main.o
 .bss           0x00000000c0013480        0x0 build/init.o
 .bss           0x00000000c0013480      0x408 build/interrupt.o
 .bss           0x00000000c0013888        0x0 build/timer.o
 .bss           0x00000000c0013888        0x0 build/debug.o
 .bss           0x00000000c0013888        0x0 build/memory.o
 .bss           0x00000000c0013888        0x0 build/bitmap.o
 .bss           0x00000000c0013888        0x0 build/string.o
 *fill*         0x00000000c0013888       0x18 
 .bss           0x00000000c00138a0       0x84 build/thread.o
                0x00000000c00138a0                pid_bitmap_bits
 .bss           0x00000000c0013924        0x0 build/list.o
 .bss           0x00000000c0013924       0x1c build/console.o
 .bss           0x00000000c0013940        0x0 build/sync.o
 .bss           0x00000000c0013940       0x14 build/keyboard.o
 .bss           0x00000000c0013954        0x0 build/ioqueue.o
 *fill*         0x00000000c0013954        0xc 
 .bss           0x00000000c0013960       0x6c build/tss.o
 .bss           0x00000000c00139cc        0x0 build/process.o
 .bss           0x00000000c00139cc        0x0 build/syscall.o
 .bss           0x00000000c00139cc        0x0 build/syscall-init.o
 .bss           0x00000000c00139cc        0x0 build/stdio.o
 .bss           0x00000000c00139cc        0x6 build/ide.o
                0x00000000c00139cc                ext_lba_base
                0x00000000c00139d0                p_no
                0x00000000c00139d1                l_no
 .bss           0x00000000c00139d2        0x0 build/stdio-kernel.o
 .bss           0x00000000c00139d2        0x0 build/fs.o
 .bss           0x00000000c00139d2        0x0 build/inode.o
 .bss           0x00000000c00139d2        0x0 build/file.o
 .bss           0x00000000c00139d2        0x0 build/dir.o
 .bss           0x00000000c00139d2        0x0 build/fork.o
 *fill*         0x00000000c00139d2        0xe 
 .bss           0x00000000c00139e0      0x640 build/shell.o
                0x00000000c00139e0                final_path
                0x00000000c0013be0                cwd_cache
                0x00000000c0013de0                argv
 .bss           0x00000000c0014020        0x0 build/assert.o
 .bss           0x00000000c0014020        0x0 build/buildin_cmd.o
 .bss           0x00000000c0014020        0x0 build/exec.o
 .bss           0x00000000c0014020        0x0 build/wait_exit.o
 .bss           0x00000000c0014020        0x0 build/pipe.o
 *(COMMON)
 COMMON         0x00000000c0014020      0x424 build/interrupt.o
                0x00000000c0014020                intr_name
                0x00000000c0014240                idt_table
 COMMON         0x00000000c0014444        0x4 build/timer.o
                0x00000000c0014444                ticks
 *fill*         0x00000000c0014448       0x18 
 COMMON         0x00000000c0014460      0x12c build/memory.o
                0x00000000c0014460                user_pool
                0x00000000c00144a0                k_block_descs
                0x00000000c0014548                kernel_vaddr
                0x00000000c0014560                kernel_pool
 *fill*         0x00000000c001458c       0x14 
 COMMON         0x00000000c00145a0       0x50 build/thread.o
                0x00000000c00145a0                pid_pool
                0x00000000c00145c8                thread_ready_list
                0x00000000c00145d8                thread_all_list
                0x00000000c00145e8                idle_thread
                0x00000000c00145ec                main_thread
 *fill*         0x00000000c00145f0       0x10 
 COMMON         0x00000000c0014600       0x6c build/keyboard.o
                0x00000000c0014600                kbd_buf
 *fill*         0x00000000c001466c       0x14 
 COMMON         0x00000000c0014680       0x80 build/syscall-init.o
                0x00000000c0014680                syscall_table
 COMMON         0x00000000c0014700      0xcf0 build/ide.o
                0x00000000c0014700                channel_cnt
                0x00000000c0014720                channels
                0x00000000c00153e0                partition_list
 COMMON         0x00000000c00153f0        0x4 build/fs.o
                0x00000000c00153f0                cur_part
 *fill*         0x00000000c00153f4        0xc 
 COMMON         0x00000000c0015400      0x180 build/file.o
                0x00000000c0015400                file_table
 COMMON         0x00000000c0015580      0x208 build/dir.o
                0x00000000c0015580                root_dir
                0x00000000c0015788                . = ALIGN ((. != 0x0)?0x4:0x1)
                0x00000000c0015788                . = ALIGN (0x4)
                0x00000000c0015788                . = SEGMENT_START ("ldata-segment", .)
                0x00000000c0015788                . = ALIGN (0x4)
                0x00000000c0015788                _end = .
                [!provide]                        PROVIDE (end, .)
                0x00000000c0015788                . = DATA_SEGMENT_END (.)

.stab
 *(.stab)

.stabstr
 *(.stabstr)

.stab.excl
 *(.stab.excl)

.stab.exclstr
 *(.stab.exclstr)

.stab.index
 *(.stab.index)

.stab.indexstr
 *(.stab.indexstr)

.comment        0x0000000000000000       0x34
 *(.comment)
 .comment       0x0000000000000000       0x34 build/main.o
                                         0x35 (size before relaxing)
 .comment       0x0000000000000034       0x35 build/init.o
 .comment       0x0000000000000034       0x35 build/interrupt.o
 .comment       0x0000000000000034       0x35 build/timer.o
 .comment       0x0000000000000034       0x35 build/debug.o
 .comment       0x0000000000000034       0x35 build/memory.o
 .comment       0x0000000000000034       0x35 build/bitmap.o
 .comment       0x0000000000000034       0x35 build/string.o
 .comment       0x0000000000000034       0x35 build/thread.o
 .comment       0x0000000000000034       0x35 build/list.o
 .comment       0x0000000000000034       0x35 build/console.o
 .comment       0x0000000000000034       0x35 build/sync.o
 .comment       0x0000000000000034       0x35 build/keyboard.o
 .comment       0x0000000000000034       0x35 build/ioqueue.o
 .comment       0x0000000000000034       0x35 build/tss.o
 .comment       0x0000000000000034       0x35 build/process.o
 .comment       0x0000000000000034       0x35 build/syscall.o
 .comment       0x0000000000000034       0x35 build/syscall-init.o
 .comment       0x0000000000000034       0x35 build/stdio.o
 .comment       0x0000000000000034       0x35 build/ide.o
 .comment       0x0000000000000034       0x35 build/stdio-kernel.o
 .comment       0x0000000000000034       0x35 build/fs.o
 .comment       0x0000000000000034       0x35 build/inode.o
 .comment       0x0000000000000034       0x35 build/file.o
 .comment       0x0000000000000034       0x35 build/dir.o
 .comment       0x0000000000000034       0x35 build/fork.o
 .comment       0x0000000000000034       0x35 build/shell.o
 .comment       0x0000000000000034       0x35 build/assert.o
 .comment       0x0000000000000034       0x35 build/buildin_cmd.o
 .comment       0x0000000000000034       0x35 build/exec.o
 .comment       0x0000000000000034       0x35 build/wait_exit.o
 .comment       0x0000000000000034       0x35 build/pipe.o

.debug
 *(.debug)

.line
 *(.line)

.debug_srcinfo
 *(.debug_srcinfo)

.debug_sfnames
 *(.debug_sfnames)

.debug_aranges
 *(.debug_aranges)

.debug_pubnames
 *(.debug_pubnames)

.debug_info
 *(.debug_info .gnu.linkonce.wi.*)

.debug_abbrev
 *(.debug_abbrev)

.debug_line
 *(.debug_line .debug_line.* .debug_line_end)

.debug_frame
 *(.debug_frame)

.debug_str
 *(.debug_str)

.debug_loc
 *(.debug_loc)

.debug_macinfo
 *(.debug_macinfo)

.debug_weaknames
 *(.debug_weaknames)

.debug_funcnames
 *(.debug_funcnames)

.debug_typenames
 *(.debug_typenames)

.debug_varnames
 *(.debug_varnames)

.debug_pubtypes
 *(.debug_pubtypes)

.debug_ranges
 *(.debug_ranges)

.debug_macro
 *(.debug_macro)

.gnu.attributes
 *(.gnu.attributes)

/DISCARD/
 *(.note.GNU-stack)
 *(.gnu_debuglink)
 *(.gnu.lto_*)
OUTPUT(build/kernel.bin elf32-i386)
